/home/ros2/project_4/install/project_4/lib/python3.10/site-packages/project_4/zed_node.py
/home/ros2/project_4/install/project_4/lib/python3.10/site-packages/project_4/common.py
/home/ros2/project_4/install/project_4/lib/python3.10/site-packages/project_4/status_led_node.py
/home/ros2/project_4/install/project_4/lib/python3.10/site-packages/project_4/monitor_node.py
/home/ros2/project_4/install/project_4/lib/python3.10/site-packages/project_4/moonraker_box_node.py
/home/ros2/project_4/install/project_4/lib/python3.10/site-packages/project_4/__init__.py
/home/ros2/project_4/install/project_4/lib/python3.10/site-packages/project_4/planner.py
/home/ros2/project_4/install/project_4/lib/python3.10/site-packages/project_4/box_compare_node.py
/home/ros2/project_4/install/project_4/lib/python3.10/site-packages/project_4/motion_api.py
/home/ros2/project_4/install/project_4/lib/python3.10/site-packages/project_4/mission_controller_node.py
/home/ros2/project_4/install/project_4/lib/python3.10/site-packages/project_4/safety_camera_node.py
/home/ros2/project_4/install/project_4/lib/python3.10/site-packages/project_4/__pycache__/zed_node.cpython-310.pyc
/home/ros2/project_4/install/project_4/lib/python3.10/site-packages/project_4/__pycache__/common.cpython-310.pyc
/home/ros2/project_4/install/project_4/lib/python3.10/site-packages/project_4/__pycache__/status_led_node.cpython-310.pyc
/home/ros2/project_4/install/project_4/lib/python3.10/site-packages/project_4/__pycache__/monitor_node.cpython-310.pyc
/home/ros2/project_4/install/project_4/lib/python3.10/site-packages/project_4/__pycache__/moonraker_box_node.cpython-310.pyc
/home/ros2/project_4/install/project_4/lib/python3.10/site-packages/project_4/__pycache__/__init__.cpython-310.pyc
/home/ros2/project_4/install/project_4/lib/python3.10/site-packages/project_4/__pycache__/planner.cpython-310.pyc
/home/ros2/project_4/install/project_4/lib/python3.10/site-packages/project_4/__pycache__/box_compare_node.cpython-310.pyc
/home/ros2/project_4/install/project_4/lib/python3.10/site-packages/project_4/__pycache__/motion_api.cpython-310.pyc
/home/ros2/project_4/install/project_4/lib/python3.10/site-packages/project_4/__pycache__/mission_controller_node.cpython-310.pyc
/home/ros2/project_4/install/project_4/lib/python3.10/site-packages/project_4/__pycache__/safety_camera_node.cpython-310.pyc
/home/ros2/project_4/install/project_4/share/ament_index/resource_index/packages/project_4
/home/ros2/project_4/install/project_4/share/project_4/package.xml
/home/ros2/project_4/install/project_4/share/project_4/launch/monitor.launch.py
/home/ros2/project_4/install/project_4/share/project_4/launch/full_system.launch.py
/home/ros2/project_4/install/project_4/share/project_4/config/boxes.yaml
/home/ros2/project_4/install/project_4/share/project_4/config/workspace.yaml
/home/ros2/project_4/install/project_4/lib/python3.10/site-packages/project_4-0.0.1-py3.10.egg-info/dependency_links.txt
/home/ros2/project_4/install/project_4/lib/python3.10/site-packages/project_4-0.0.1-py3.10.egg-info/SOURCES.txt
/home/ros2/project_4/install/project_4/lib/python3.10/site-packages/project_4-0.0.1-py3.10.egg-info/requires.txt
/home/ros2/project_4/install/project_4/lib/python3.10/site-packages/project_4-0.0.1-py3.10.egg-info/zip-safe
/home/ros2/project_4/install/project_4/lib/python3.10/site-packages/project_4-0.0.1-py3.10.egg-info/entry_points.txt
/home/ros2/project_4/install/project_4/lib/python3.10/site-packages/project_4-0.0.1-py3.10.egg-info/PKG-INFO
/home/ros2/project_4/install/project_4/lib/python3.10/site-packages/project_4-0.0.1-py3.10.egg-info/top_level.txt
/home/ros2/project_4/install/project_4/lib/project_4/box_compare_node
/home/ros2/project_4/install/project_4/lib/project_4/mission_controller_node
/home/ros2/project_4/install/project_4/lib/project_4/monitor_node
/home/ros2/project_4/install/project_4/lib/project_4/moonraker_box_node
/home/ros2/project_4/install/project_4/lib/project_4/safety_camera_node
/home/ros2/project_4/install/project_4/lib/project_4/status_led_node
/home/ros2/project_4/install/project_4/lib/project_4/zed_node
