[0.190s] DEBUG:colcon:Command line arguments: ['/usr/bin/colcon', 'build', '--packages-select', 'project_4']
[0.191s] DEBUG:colcon:Parsed command line arguments: Namespace(log_base=None, log_level=None, verb_name='build', build_base='build', install_base='install', merge_install=False, symlink_install=False, test_result_base=None, continue_on_error=False, executor='parallel', parallel_workers=6, event_handlers=None, ignore_user_meta=False, metas=['./colcon.meta'], base_paths=['.'], packages_ignore=None, packages_ignore_regex=None, paths=None, packages_up_to=None, packages_up_to_regex=None, packages_above=None, packages_above_and_dependencies=None, packages_above_depth=None, packages_select_by_dep=None, packages_skip_by_dep=None, packages_skip_up_to=None, packages_select_build_failed=False, packages_skip_build_finished=False, packages_select_test_failures=False, packages_skip_test_passed=False, packages_select=['project_4'], packages_skip=None, packages_select_regex=None, packages_skip_regex=None, packages_start=None, packages_end=None, allow_overriding=[], cmake_args=None, cmake_target=None, cmake_target_skip_unavailable=False, cmake_clean_cache=False, cmake_clean_first=False, cmake_force_configure=False, ament_cmake_args=None, catkin_cmake_args=None, catkin_skip_building_tests=False, verb_parser=<colcon_defaults.argument_parser.defaults.DefaultArgumentsDecorator object at 0xffffaea04d60>, verb_extension=<colcon_core.verb.build.BuildVerb object at 0xffffaeaf2800>, main=<bound method BuildVerb.main of <colcon_core.verb.build.BuildVerb object at 0xffffaeaf2800>>)
[0.266s] Level 1:colcon.colcon_core.package_discovery:discover_packages(colcon_meta) check parameters
[0.267s] Level 1:colcon.colcon_core.package_discovery:discover_packages(recursive) check parameters
[0.267s] Level 1:colcon.colcon_core.package_discovery:discover_packages(ignore) check parameters
[0.267s] Level 1:colcon.colcon_core.package_discovery:discover_packages(path) check parameters
[0.267s] Level 1:colcon.colcon_core.package_discovery:discover_packages(colcon_meta) discover
[0.267s] Level 1:colcon.colcon_core.package_discovery:discover_packages(recursive) discover
[0.267s] INFO:colcon.colcon_core.package_discovery:Crawling recursively for packages in '/home/ros2/project_4'
[0.267s] Level 1:colcon.colcon_core.package_identification:_identify(.) by extensions ['ignore', 'ignore_ament_install']
[0.267s] Level 1:colcon.colcon_core.package_identification:_identify(.) by extension 'ignore'
[0.267s] Level 1:colcon.colcon_core.package_identification:_identify(.) by extension 'ignore_ament_install'
[0.268s] Level 1:colcon.colcon_core.package_identification:_identify(.) by extensions ['colcon_pkg']
[0.268s] Level 1:colcon.colcon_core.package_identification:_identify(.) by extension 'colcon_pkg'
[0.268s] Level 1:colcon.colcon_core.package_identification:_identify(.) by extensions ['colcon_meta']
[0.268s] Level 1:colcon.colcon_core.package_identification:_identify(.) by extension 'colcon_meta'
[0.268s] Level 1:colcon.colcon_core.package_identification:_identify(.) by extensions ['ros']
[0.268s] Level 1:colcon.colcon_core.package_identification:_identify(.) by extension 'ros'
[0.298s] DEBUG:colcon.colcon_core.package_identification:Package '.' with type 'ros.ament_python' and name 'project_4'
[0.299s] Level 1:colcon.colcon_core.package_discovery:discover_packages(recursive) using defaults
[0.299s] Level 1:colcon.colcon_core.package_discovery:discover_packages(ignore) discover
[0.299s] Level 1:colcon.colcon_core.package_discovery:discover_packages(ignore) using defaults
[0.299s] Level 1:colcon.colcon_core.package_discovery:discover_packages(path) discover
[0.299s] Level 1:colcon.colcon_core.package_discovery:discover_packages(path) using defaults
[0.335s] Level 1:colcon.colcon_core.package_discovery:discover_packages(prefix_path) check parameters
[0.335s] Level 1:colcon.colcon_core.package_discovery:discover_packages(prefix_path) discover
[0.337s] WARNING:colcon.colcon_ros.prefix_path.ament:The path '/home/ros2/project_4/install/project_4' in the environment variable AMENT_PREFIX_PATH doesn't exist
[0.338s] DEBUG:colcon.colcon_installed_package_information.package_discovery:Found 0 installed packages in /home/ros2/project_4/install
[0.338s] Level 1:colcon.colcon_core.package_discovery:discover_packages(prefix_path) using defaults
[0.340s] Level 5:colcon.colcon_core.verb:set package 'project_4' build argument 'cmake_args' from command line to 'None'
[0.340s] Level 5:colcon.colcon_core.verb:set package 'project_4' build argument 'cmake_target' from command line to 'None'
[0.340s] Level 5:colcon.colcon_core.verb:set package 'project_4' build argument 'cmake_target_skip_unavailable' from command line to 'False'
[0.340s] Level 5:colcon.colcon_core.verb:set package 'project_4' build argument 'cmake_clean_cache' from command line to 'False'
[0.340s] Level 5:colcon.colcon_core.verb:set package 'project_4' build argument 'cmake_clean_first' from command line to 'False'
[0.340s] Level 5:colcon.colcon_core.verb:set package 'project_4' build argument 'cmake_force_configure' from command line to 'False'
[0.340s] Level 5:colcon.colcon_core.verb:set package 'project_4' build argument 'ament_cmake_args' from command line to 'None'
[0.340s] Level 5:colcon.colcon_core.verb:set package 'project_4' build argument 'catkin_cmake_args' from command line to 'None'
[0.340s] Level 5:colcon.colcon_core.verb:set package 'project_4' build argument 'catkin_skip_building_tests' from command line to 'False'
[0.340s] DEBUG:colcon.colcon_core.verb:Building package 'project_4' with the following arguments: {'ament_cmake_args': None, 'build_base': '/home/ros2/project_4/build/project_4', 'catkin_cmake_args': None, 'catkin_skip_building_tests': False, 'cmake_args': None, 'cmake_clean_cache': False, 'cmake_clean_first': False, 'cmake_force_configure': False, 'cmake_target': None, 'cmake_target_skip_unavailable': False, 'install_base': '/home/ros2/project_4/install/project_4', 'merge_install': False, 'path': '/home/ros2/project_4', 'symlink_install': False, 'test_result_base': None}
[0.340s] INFO:colcon.colcon_core.executor:Executing jobs using 'parallel' executor
[0.342s] DEBUG:colcon.colcon_parallel_executor.executor.parallel:run_until_complete
[0.343s] INFO:colcon.colcon_ros.task.ament_python.build:Building ROS package in '/home/ros2/project_4' with build type 'ament_python'
[0.343s] Level 1:colcon.colcon_core.shell:create_environment_hook('project_4', 'ament_prefix_path')
[0.347s] INFO:colcon.colcon_core.plugin_system:Skipping extension 'colcon_core.shell.bat': Not used on non-Windows systems
[0.347s] INFO:colcon.colcon_core.shell:Creating environment hook '/home/ros2/project_4/install/project_4/share/project_4/hook/ament_prefix_path.ps1'
[0.349s] INFO:colcon.colcon_core.shell:Creating environment descriptor '/home/ros2/project_4/install/project_4/share/project_4/hook/ament_prefix_path.dsv'
[0.349s] INFO:colcon.colcon_core.shell:Creating environment hook '/home/ros2/project_4/install/project_4/share/project_4/hook/ament_prefix_path.sh'
[0.351s] INFO:colcon.colcon_core.shell:Skip shell extension 'powershell' for command environment: Not usable outside of PowerShell
[0.351s] DEBUG:colcon.colcon_core.shell:Skip shell extension 'dsv' for command environment
[0.739s] INFO:colcon.colcon_core.task.python.build:Building Python package in '/home/ros2/project_4'
[0.740s] INFO:colcon.colcon_core.shell:Skip shell extension 'powershell' for command environment: Not usable outside of PowerShell
[0.740s] DEBUG:colcon.colcon_core.shell:Skip shell extension 'dsv' for command environment
[1.528s] DEBUG:colcon.colcon_core.event_handler.log_command:Invoking command in '/home/ros2/project_4': PYTHONPATH=/home/ros2/project_4/build/project_4/prefix_override:/usr/lib/python3/dist-packages/colcon_core/task/python/colcon_distutils_commands:/home/ros2/project_4/install/project_4/lib/python3.10/site-packages:${PYTHONPATH} /usr/bin/python3 -W ignore:setup.py install is deprecated -W ignore:easy_install command is deprecated setup.py egg_info --egg-base build/project_4 build --build-base /home/ros2/project_4/build/project_4/build install --record /home/ros2/project_4/build/project_4/install.log --single-version-externally-managed install_data
[2.285s] DEBUG:colcon.colcon_core.event_handler.log_command:Invoked command in '/home/ros2/project_4' returned '0': PYTHONPATH=/home/ros2/project_4/build/project_4/prefix_override:/usr/lib/python3/dist-packages/colcon_core/task/python/colcon_distutils_commands:/home/ros2/project_4/install/project_4/lib/python3.10/site-packages:${PYTHONPATH} /usr/bin/python3 -W ignore:setup.py install is deprecated -W ignore:easy_install command is deprecated setup.py egg_info --egg-base build/project_4 build --build-base /home/ros2/project_4/build/project_4/build install --record /home/ros2/project_4/build/project_4/install.log --single-version-externally-managed install_data
[2.293s] Level 1:colcon.colcon_core.environment:checking '/home/ros2/project_4/install/project_4' for CMake module files
[2.296s] Level 1:colcon.colcon_core.environment:checking '/home/ros2/project_4/install/project_4' for CMake config files
[2.300s] Level 1:colcon.colcon_core.environment:checking '/home/ros2/project_4/install/project_4/lib'
[2.301s] Level 1:colcon.colcon_core.environment:checking '/home/ros2/project_4/install/project_4/bin'
[2.301s] Level 1:colcon.colcon_core.environment:checking '/home/ros2/project_4/install/project_4/lib/pkgconfig/project_4.pc'
[2.302s] Level 1:colcon.colcon_core.environment:checking '/home/ros2/project_4/install/project_4/lib/python3.10/site-packages'
[2.303s] Level 1:colcon.colcon_core.shell:create_environment_hook('project_4', 'pythonpath')
[2.304s] INFO:colcon.colcon_core.shell:Creating environment hook '/home/ros2/project_4/install/project_4/share/project_4/hook/pythonpath.ps1'
[2.308s] INFO:colcon.colcon_core.shell:Creating environment descriptor '/home/ros2/project_4/install/project_4/share/project_4/hook/pythonpath.dsv'
[2.309s] INFO:colcon.colcon_core.shell:Creating environment hook '/home/ros2/project_4/install/project_4/share/project_4/hook/pythonpath.sh'
[2.312s] Level 1:colcon.colcon_core.environment:checking '/home/ros2/project_4/install/project_4/bin'
[2.313s] Level 1:colcon.colcon_core.environment:create_environment_scripts_only(project_4)
[2.314s] INFO:colcon.colcon_core.shell:Creating package script '/home/ros2/project_4/install/project_4/share/project_4/package.ps1'
[2.318s] INFO:colcon.colcon_core.shell:Creating package descriptor '/home/ros2/project_4/install/project_4/share/project_4/package.dsv'
[2.320s] INFO:colcon.colcon_core.shell:Creating package script '/home/ros2/project_4/install/project_4/share/project_4/package.sh'
[2.323s] INFO:colcon.colcon_core.shell:Creating package script '/home/ros2/project_4/install/project_4/share/project_4/package.bash'
[2.326s] INFO:colcon.colcon_core.shell:Creating package script '/home/ros2/project_4/install/project_4/share/project_4/package.zsh'
[2.329s] Level 1:colcon.colcon_core.environment:create_file_with_runtime_dependencies(/home/ros2/project_4/install/project_4/share/colcon-core/packages/project_4)
[2.331s] DEBUG:colcon.colcon_parallel_executor.executor.parallel:closing loop
[2.332s] DEBUG:colcon.colcon_parallel_executor.executor.parallel:loop closed
[2.333s] DEBUG:colcon.colcon_parallel_executor.executor.parallel:run_until_complete finished with '0'
[2.333s] DEBUG:colcon.colcon_core.event_reactor:joining thread
[2.360s] INFO:colcon.colcon_core.plugin_system:Skipping extension 'colcon_notification.desktop_notification.terminal_notifier': Not used on non-Darwin systems
[2.361s] INFO:colcon.colcon_core.plugin_system:Skipping extension 'colcon_notification.desktop_notification.win32': Not used on non-Windows systems
[2.361s] INFO:colcon.colcon_notification.desktop_notification:Sending desktop notification using 'notify2'
[2.415s] DEBUG:colcon.colcon_core.event_reactor:joined thread
[2.417s] INFO:colcon.colcon_core.shell:Creating prefix script '/home/ros2/project_4/install/local_setup.ps1'
[2.423s] INFO:colcon.colcon_core.shell:Creating prefix util module '/home/ros2/project_4/install/_local_setup_util_ps1.py'
[2.430s] INFO:colcon.colcon_core.shell:Creating prefix chain script '/home/ros2/project_4/install/setup.ps1'
[2.433s] INFO:colcon.colcon_core.shell:Creating prefix script '/home/ros2/project_4/install/local_setup.sh'
[2.436s] INFO:colcon.colcon_core.shell:Creating prefix util module '/home/ros2/project_4/install/_local_setup_util_sh.py'
[2.438s] INFO:colcon.colcon_core.shell:Creating prefix chain script '/home/ros2/project_4/install/setup.sh'
[2.441s] INFO:colcon.colcon_core.shell:Creating prefix script '/home/ros2/project_4/install/local_setup.bash'
[2.443s] INFO:colcon.colcon_core.shell:Creating prefix chain script '/home/ros2/project_4/install/setup.bash'
[2.446s] INFO:colcon.colcon_core.shell:Creating prefix script '/home/ros2/project_4/install/local_setup.zsh'
[2.448s] INFO:colcon.colcon_core.shell:Creating prefix chain script '/home/ros2/project_4/install/setup.zsh'
